Archive member included because of file (symbol)

c:/winavr/bin/../lib/gcc/avr/4.3.3/avr5\libgcc.a(_mulsi3.o)
                              ./MCAL/TIMERS/Timers.o (__mulsi3)
c:/winavr/bin/../lib/gcc/avr/4.3.3/avr5\libgcc.a(_udivmodsi4.o)
                              ./MCAL/TIMERS/Timers.o (__udivmodsi4)
c:/winavr/bin/../lib/gcc/avr/4.3.3/avr5\libgcc.a(_divmodsi4.o)
                              ./HALL/LCD/LCD.o (__divmodsi4)
c:/winavr/bin/../lib/gcc/avr/4.3.3/avr5\libgcc.a(_exit.o)
                              c:/winavr/bin/../lib/gcc/avr/4.3.3/../../../../avr/lib/avr5/crtm32.o (exit)
c:/winavr/bin/../lib/gcc/avr/4.3.3/avr5\libgcc.a(_copy_data.o)
                              ./HALL/KEYPAD/KEYPAD.o (__do_copy_data)
c:/winavr/bin/../lib/gcc/avr/4.3.3/avr5\libgcc.a(_clear_bss.o)
                              ./MCAL/TIMERS/Timers.o (__do_clear_bss)
c:/winavr/bin/../lib/gcc/avr/4.3.3/avr5\libgcc.a(_fixunssfsi.o)
                              ./MCAL/TIMERS/Timers.o (__fixunssfsi)
c:/winavr/bin/../lib/gcc/avr/4.3.3/avr5\libgcc.a(_addsub_sf.o)
                              ./MCAL/TIMERS/Timers.o (__subsf3)
c:/winavr/bin/../lib/gcc/avr/4.3.3/avr5\libgcc.a(_mul_sf.o)
                              ./MCAL/TIMERS/Timers.o (__mulsf3)
c:/winavr/bin/../lib/gcc/avr/4.3.3/avr5\libgcc.a(_div_sf.o)
                              ./MCAL/TIMERS/Timers.o (__divsf3)
c:/winavr/bin/../lib/gcc/avr/4.3.3/avr5\libgcc.a(_ge_sf.o)
                              c:/winavr/bin/../lib/gcc/avr/4.3.3/avr5\libgcc.a(_fixunssfsi.o) (__gesf2)
c:/winavr/bin/../lib/gcc/avr/4.3.3/avr5\libgcc.a(_si_to_sf.o)
                              ./MCAL/TIMERS/Timers.o (__floatsisf)
c:/winavr/bin/../lib/gcc/avr/4.3.3/avr5\libgcc.a(_sf_to_si.o)
                              c:/winavr/bin/../lib/gcc/avr/4.3.3/avr5\libgcc.a(_fixunssfsi.o) (__fixsfsi)
c:/winavr/bin/../lib/gcc/avr/4.3.3/avr5\libgcc.a(_thenan_sf.o)
                              c:/winavr/bin/../lib/gcc/avr/4.3.3/avr5\libgcc.a(_addsub_sf.o) (__thenan_sf)
c:/winavr/bin/../lib/gcc/avr/4.3.3/avr5\libgcc.a(_usi_to_sf.o)
                              ./MCAL/TIMERS/Timers.o (__floatunsisf)
c:/winavr/bin/../lib/gcc/avr/4.3.3/avr5\libgcc.a(_prologue.o)
                              c:/winavr/bin/../lib/gcc/avr/4.3.3/avr5\libgcc.a(_addsub_sf.o) (__prologue_saves__)
c:/winavr/bin/../lib/gcc/avr/4.3.3/avr5\libgcc.a(_epilogue.o)
                              c:/winavr/bin/../lib/gcc/avr/4.3.3/avr5\libgcc.a(_addsub_sf.o) (__epilogue_restores__)
c:/winavr/bin/../lib/gcc/avr/4.3.3/avr5\libgcc.a(_clzsi2.o)
                              c:/winavr/bin/../lib/gcc/avr/4.3.3/avr5\libgcc.a(_si_to_sf.o) (__clzsi2)
c:/winavr/bin/../lib/gcc/avr/4.3.3/avr5\libgcc.a(_pack_sf.o)
                              c:/winavr/bin/../lib/gcc/avr/4.3.3/avr5\libgcc.a(_addsub_sf.o) (__pack_f)
c:/winavr/bin/../lib/gcc/avr/4.3.3/avr5\libgcc.a(_unpack_sf.o)
                              c:/winavr/bin/../lib/gcc/avr/4.3.3/avr5\libgcc.a(_addsub_sf.o) (__unpack_f)
c:/winavr/bin/../lib/gcc/avr/4.3.3/avr5\libgcc.a(_fpcmp_parts_sf.o)
                              c:/winavr/bin/../lib/gcc/avr/4.3.3/avr5\libgcc.a(_ge_sf.o) (__fpcmp_parts_f)
c:/winavr/bin/../lib/gcc/avr/4.3.3/avr5\libgcc.a(_clz.o)
                              c:/winavr/bin/../lib/gcc/avr/4.3.3/avr5\libgcc.a(_clzsi2.o) (__clz_tab)

Allocating common symbols
Common symbol       size              file

f                   0x1               ./APP/ADMIN_MODE/ADMIN_MODE.o
counter1            0x2               ./MCAL/TIMERS/Timers.o
C                   0x1               ./APP/ADMIN_MODE/ADMIN_MODE.o
buffer              0x7               ./HALL/EEPROM/EEPROM.o
preset1             0x2               ./MCAL/TIMERS/Timers.o

Memory Configuration

Name             Origin             Length             Attributes
text             0x00000000         0x00020000         xr
data             0x00800060         0x0000ffa0         rw !x
eeprom           0x00810000         0x00010000         rw !x
fuse             0x00820000         0x00000400         rw !x
lock             0x00830000         0x00000400         rw !x
signature        0x00840000         0x00000400         rw !x
*default*        0x00000000         0xffffffff

Linker script and memory map

LOAD c:/winavr/bin/../lib/gcc/avr/4.3.3/../../../../avr/lib/avr5/crtm32.o
LOAD ./MCAL/UART/UART.o
LOAD ./MCAL/TIMERS/Timers.o
LOAD ./MCAL/I2C/I2C.o
LOAD ./MCAL/EXT_INTERRUPT/EXT_INTERRUPT.o
LOAD ./MCAL/DIO/DIO.o
LOAD ./MCAL/ADC/ADC.o
LOAD ./HALL/LEDS/Leds.o
LOAD ./HALL/LCD/LCD.o
LOAD ./HALL/KEYPAD/KEYPAD.o
LOAD ./HALL/EEPROM/EEPROM.o
LOAD ./HALL/DOOR/DOOR.o
LOAD ./HALL/BUZZER/BUZZER.o
LOAD ./HALL/BUTTON/BUTTON.o
LOAD ./HALL/AIR_COND/AIR_COND.o
LOAD ./APP/USER_MODE/USER_MODE.o
LOAD ./APP/ADMIN_MODE/ADMIN_MODE.o
LOAD ./APP/main.o
LOAD c:/winavr/bin/../lib/gcc/avr/4.3.3/avr5\libgcc.a
LOAD c:/winavr/bin/../lib/gcc/avr/4.3.3/../../../../avr/lib/avr5\libc.a
LOAD c:/winavr/bin/../lib/gcc/avr/4.3.3/avr5\libgcc.a

.hash
 *(.hash)

.dynsym
 *(.dynsym)

.dynstr
 *(.dynstr)

.gnu.version
 *(.gnu.version)

.gnu.version_d
 *(.gnu.version_d)

.gnu.version_r
 *(.gnu.version_r)

.rel.init
 *(.rel.init)

.rela.init
 *(.rela.init)

.rel.text
 *(.rel.text)
 *(.rel.text.*)
 *(.rel.gnu.linkonce.t*)

.rela.text
 *(.rela.text)
 *(.rela.text.*)
 *(.rela.gnu.linkonce.t*)

.rel.fini
 *(.rel.fini)

.rela.fini
 *(.rela.fini)

.rel.rodata
 *(.rel.rodata)
 *(.rel.rodata.*)
 *(.rel.gnu.linkonce.r*)

.rela.rodata
 *(.rela.rodata)
 *(.rela.rodata.*)
 *(.rela.gnu.linkonce.r*)

.rel.data
 *(.rel.data)
 *(.rel.data.*)
 *(.rel.gnu.linkonce.d*)

.rela.data
 *(.rela.data)
 *(.rela.data.*)
 *(.rela.gnu.linkonce.d*)

.rel.ctors
 *(.rel.ctors)

.rela.ctors
 *(.rela.ctors)

.rel.dtors
 *(.rel.dtors)

.rela.dtors
 *(.rela.dtors)

.rel.got
 *(.rel.got)

.rela.got
 *(.rela.got)

.rel.bss
 *(.rel.bss)

.rela.bss
 *(.rela.bss)

.rel.plt
 *(.rel.plt)

.rela.plt
 *(.rela.plt)

.text           0x00000000     0x23da
 *(.vectors)
 .vectors       0x00000000       0x54 c:/winavr/bin/../lib/gcc/avr/4.3.3/../../../../avr/lib/avr5/crtm32.o
                0x00000000                __vectors
                0x00000000                __vector_default
 *(.vectors)
 *(.progmem.gcc*)
 *(.progmem*)
                0x00000054                . = ALIGN (0x2)
                0x00000054                __trampolines_start = .
 *(.trampolines)
 .trampolines   0x00000054        0x0 linker stubs
 *(.trampolines*)
                0x00000054                __trampolines_end = .
 *(.jumptables)
 *(.jumptables*)
 *(.lowtext)
 *(.lowtext*)
                0x00000054                __ctors_start = .
 *(.ctors)
                0x00000054                __ctors_end = .
                0x00000054                __dtors_start = .
 *(.dtors)
                0x00000054                __dtors_end = .
 SORT(*)(.ctors)
 SORT(*)(.dtors)
 *(.init0)
 .init0         0x00000054        0x0 c:/winavr/bin/../lib/gcc/avr/4.3.3/../../../../avr/lib/avr5/crtm32.o
                0x00000054                __init
 *(.init0)
 *(.init1)
 *(.init1)
 *(.init2)
 .init2         0x00000054        0xc c:/winavr/bin/../lib/gcc/avr/4.3.3/../../../../avr/lib/avr5/crtm32.o
 *(.init2)
 *(.init3)
 *(.init3)
 *(.init4)
 .init4         0x00000060       0x16 c:/winavr/bin/../lib/gcc/avr/4.3.3/avr5\libgcc.a(_copy_data.o)
                0x00000060                __do_copy_data
 .init4         0x00000076       0x10 c:/winavr/bin/../lib/gcc/avr/4.3.3/avr5\libgcc.a(_clear_bss.o)
                0x00000076                __do_clear_bss
 *(.init4)
 *(.init5)
 *(.init5)
 *(.init6)
 *(.init6)
 *(.init7)
 *(.init7)
 *(.init8)
 *(.init8)
 *(.init9)
 .init9         0x00000086        0x8 c:/winavr/bin/../lib/gcc/avr/4.3.3/../../../../avr/lib/avr5/crtm32.o
 *(.init9)
 *(.text)
 .text          0x0000008e        0x4 c:/winavr/bin/../lib/gcc/avr/4.3.3/../../../../avr/lib/avr5/crtm32.o
                0x0000008e                __vector_12
                0x0000008e                __bad_interrupt
                0x0000008e                __vector_6
                0x0000008e                __vector_3
                0x0000008e                __vector_11
                0x0000008e                __vector_17
                0x0000008e                __vector_19
                0x0000008e                __vector_7
                0x0000008e                __vector_5
                0x0000008e                __vector_4
                0x0000008e                __vector_9
                0x0000008e                __vector_2
                0x0000008e                __vector_15
                0x0000008e                __vector_8
                0x0000008e                __vector_14
                0x0000008e                __vector_10
                0x0000008e                __vector_16
                0x0000008e                __vector_18
                0x0000008e                __vector_20
 .text          0x00000092        0x0 ./MCAL/UART/UART.o
 .text          0x00000092        0x0 ./MCAL/TIMERS/Timers.o
 .text          0x00000092        0x0 ./MCAL/I2C/I2C.o
 .text          0x00000092        0x0 ./MCAL/EXT_INTERRUPT/EXT_INTERRUPT.o
 .text          0x00000092        0x0 ./MCAL/DIO/DIO.o
 .text          0x00000092        0x0 ./MCAL/ADC/ADC.o
 .text          0x00000092        0x0 ./HALL/LEDS/Leds.o
 .text          0x00000092        0x0 ./HALL/LCD/LCD.o
 .text          0x00000092        0x0 ./HALL/KEYPAD/KEYPAD.o
 .text          0x00000092        0x0 ./HALL/EEPROM/EEPROM.o
 .text          0x00000092        0x0 ./HALL/DOOR/DOOR.o
 .text          0x00000092        0x0 ./HALL/BUZZER/BUZZER.o
 .text          0x00000092        0x0 ./HALL/BUTTON/BUTTON.o
 .text          0x00000092        0x0 ./HALL/AIR_COND/AIR_COND.o
 .text          0x00000092        0x0 ./APP/USER_MODE/USER_MODE.o
 .text          0x00000092        0x0 ./APP/ADMIN_MODE/ADMIN_MODE.o
 .text          0x00000092        0x0 ./APP/main.o
 .text          0x00000092        0x0 c:/winavr/bin/../lib/gcc/avr/4.3.3/avr5\libgcc.a(_mulsi3.o)
 .text          0x00000092        0x0 c:/winavr/bin/../lib/gcc/avr/4.3.3/avr5\libgcc.a(_udivmodsi4.o)
 .text          0x00000092        0x0 c:/winavr/bin/../lib/gcc/avr/4.3.3/avr5\libgcc.a(_divmodsi4.o)
 .text          0x00000092        0x0 c:/winavr/bin/../lib/gcc/avr/4.3.3/avr5\libgcc.a(_exit.o)
 .text          0x00000092        0x0 c:/winavr/bin/../lib/gcc/avr/4.3.3/avr5\libgcc.a(_copy_data.o)
 .text          0x00000092        0x0 c:/winavr/bin/../lib/gcc/avr/4.3.3/avr5\libgcc.a(_clear_bss.o)
 .text          0x00000092       0x58 c:/winavr/bin/../lib/gcc/avr/4.3.3/avr5\libgcc.a(_fixunssfsi.o)
                0x00000092                __fixunssfsi
 .text          0x000000ea      0x354 c:/winavr/bin/../lib/gcc/avr/4.3.3/avr5\libgcc.a(_addsub_sf.o)
                0x00000382                __subsf3
                0x000003e4                __addsf3
 .text          0x0000043e      0x1f4 c:/winavr/bin/../lib/gcc/avr/4.3.3/avr5\libgcc.a(_mul_sf.o)
                0x0000043e                __mulsf3
 .text          0x00000632      0x158 c:/winavr/bin/../lib/gcc/avr/4.3.3/avr5\libgcc.a(_div_sf.o)
                0x00000632                __divsf3
 .text          0x0000078a       0x60 c:/winavr/bin/../lib/gcc/avr/4.3.3/avr5\libgcc.a(_ge_sf.o)
                0x0000078a                __gesf2
 .text          0x000007ea       0xbc c:/winavr/bin/../lib/gcc/avr/4.3.3/avr5\libgcc.a(_si_to_sf.o)
                0x000007ea                __floatsisf
 .text          0x000008a6       0xa8 c:/winavr/bin/../lib/gcc/avr/4.3.3/avr5\libgcc.a(_sf_to_si.o)
                0x000008a6                __fixsfsi
 .text          0x0000094e        0x0 c:/winavr/bin/../lib/gcc/avr/4.3.3/avr5\libgcc.a(_thenan_sf.o)
 .text          0x0000094e       0xf2 c:/winavr/bin/../lib/gcc/avr/4.3.3/avr5\libgcc.a(_usi_to_sf.o)
                0x0000094e                __floatunsisf
 .text          0x00000a40        0x0 c:/winavr/bin/../lib/gcc/avr/4.3.3/avr5\libgcc.a(_prologue.o)
 .text          0x00000a40        0x0 c:/winavr/bin/../lib/gcc/avr/4.3.3/avr5\libgcc.a(_epilogue.o)
 .text          0x00000a40       0x9e c:/winavr/bin/../lib/gcc/avr/4.3.3/avr5\libgcc.a(_clzsi2.o)
                0x00000a40                __clzsi2
 .text          0x00000ade      0x1aa c:/winavr/bin/../lib/gcc/avr/4.3.3/avr5\libgcc.a(_pack_sf.o)
                0x00000ade                __pack_f
 .text          0x00000c88       0xf0 c:/winavr/bin/../lib/gcc/avr/4.3.3/avr5\libgcc.a(_unpack_sf.o)
                0x00000c88                __unpack_f
 .text          0x00000d78       0xb2 c:/winavr/bin/../lib/gcc/avr/4.3.3/avr5\libgcc.a(_fpcmp_parts_sf.o)
                0x00000d78                __fpcmp_parts_f
 .text          0x00000e2a        0x0 c:/winavr/bin/../lib/gcc/avr/4.3.3/avr5\libgcc.a(_clz.o)
                0x00000e2a                . = ALIGN (0x2)
 *(.text.*)
 .text.UART_Init
                0x00000e2a       0x12 ./MCAL/UART/UART.o
                0x00000e2a                UART_Init
 .text.UART_SendByte
                0x00000e3c        0x8 ./MCAL/UART/UART.o
                0x00000e3c                UART_SendByte
 .text.UART_RecByte
                0x00000e44        0x8 ./MCAL/UART/UART.o
                0x00000e44                UART_RecByte
 .text.UART_WriteString
                0x00000e4c       0x1a ./MCAL/UART/UART.o
                0x00000e4c                UART_WriteString
 .text.Timer0_Init
                0x00000e66       0x44 ./MCAL/TIMERS/Timers.o
                0x00000e66                Timer0_Init
 .text.Timer0_Start
                0x00000eaa        0x8 ./MCAL/TIMERS/Timers.o
                0x00000eaa                Timer0_Start
 .text.Timer0_Stop
                0x00000eb2        0x6 ./MCAL/TIMERS/Timers.o
                0x00000eb2                Timer0_Stop
 .text.Timer0_NormalPeriodicTrigger
                0x00000eb8        0x2 ./MCAL/TIMERS/Timers.o
                0x00000eb8                Timer0_NormalPeriodicTrigger
 .text.Timer0_CtcPeriodicTrigger
                0x00000eba        0x2 ./MCAL/TIMERS/Timers.o
                0x00000eba                Timer0_CtcPeriodicTrigger
 .text.Timer0_FastPWM
                0x00000ebc       0x32 ./MCAL/TIMERS/Timers.o
                0x00000ebc                Timer0_FastPWM
 .text.Timer0_PWM
                0x00000eee       0x2c ./MCAL/TIMERS/Timers.o
                0x00000eee                Timer0_PWM
 .text.Timer1_Init
                0x00000f1a       0x70 ./MCAL/TIMERS/Timers.o
                0x00000f1a                Timer1_Init
 .text.Timer1_Start
                0x00000f8a        0xc ./MCAL/TIMERS/Timers.o
                0x00000f8a                Timer1_Start
 .text.Timer1_Stop
                0x00000f96        0xa ./MCAL/TIMERS/Timers.o
                0x00000f96                Timer1_Stop
 .text.Timer1_NormalPeriodicTrigger
                0x00000fa0       0x6c ./MCAL/TIMERS/Timers.o
                0x00000fa0                Timer1_NormalPeriodicTrigger
 .text.Timer1_CtcPeriodicTrigger
                0x0000100c       0x9c ./MCAL/TIMERS/Timers.o
                0x0000100c                Timer1_CtcPeriodicTrigger
 .text.Timer1_FastPWM
                0x000010a8       0x7e ./MCAL/TIMERS/Timers.o
                0x000010a8                Timer1_FastPWM
 .text.Timer1_PWM
                0x00001126       0x70 ./MCAL/TIMERS/Timers.o
                0x00001126                Timer1_PWM
 .text.Timer1_PF_PWM
                0x00001196       0x70 ./MCAL/TIMERS/Timers.o
                0x00001196                Timer1_PF_PWM
 .text.Timer2_Init
                0x00001206       0x44 ./MCAL/TIMERS/Timers.o
                0x00001206                Timer2_Init
 .text.Timer2_Start
                0x0000124a        0x8 ./MCAL/TIMERS/Timers.o
                0x0000124a                Timer2_Start
 .text.Timer2_Stop
                0x00001252        0x6 ./MCAL/TIMERS/Timers.o
                0x00001252                Timer2_Stop
 .text.Timer2_NormalPeriodicTrigger
                0x00001258        0x2 ./MCAL/TIMERS/Timers.o
                0x00001258                Timer2_NormalPeriodicTrigger
 .text.Timer2_CtcPeriodicTrigger
                0x0000125a        0x2 ./MCAL/TIMERS/Timers.o
                0x0000125a                Timer2_CtcPeriodicTrigger
 .text.Timer2_FastPWM
                0x0000125c       0x32 ./MCAL/TIMERS/Timers.o
                0x0000125c                Timer2_FastPWM
 .text.Timer2_PWM
                0x0000128e       0x2c ./MCAL/TIMERS/Timers.o
                0x0000128e                Timer2_PWM
 .text.ICU_Init
                0x000012ba       0x18 ./MCAL/TIMERS/Timers.o
                0x000012ba                ICU_Init
 .text.I2C_Slave_Init
                0x000012d2        0xc ./MCAL/I2C/I2C.o
                0x000012d2                I2C_Slave_Init
 .text.I2C_Start_Condition
                0x000012de       0x14 ./MCAL/I2C/I2C.o
                0x000012de                I2C_Start_Condition
 .text.I2C_Repeated_Start
                0x000012f2       0x14 ./MCAL/I2C/I2C.o
                0x000012f2                I2C_Repeated_Start
 .text.I2C_SendSlaveAddress_Write
                0x00001306       0x18 ./MCAL/I2C/I2C.o
                0x00001306                I2C_SendSlaveAddress_Write
 .text.I2C_SendSlaveAddress_Read
                0x0000131e       0x1a ./MCAL/I2C/I2C.o
                0x0000131e                I2C_SendSlaveAddress_Read
 .text.I2C_Send_Data
                0x00001338       0x16 ./MCAL/I2C/I2C.o
                0x00001338                I2C_Send_Data
 .text.I2C_Read_Data
                0x0000134e        0xe ./MCAL/I2C/I2C.o
                0x0000134e                I2C_Read_Data
 .text.I2C_Stop_Condition
                0x0000135c        0x6 ./MCAL/I2C/I2C.o
                0x0000135c                I2C_Stop_Condition
 .text.I2C_Master_Init
                0x00001362       0x20 ./MCAL/I2C/I2C.o
                0x00001362                I2C_Master_Init
 .text.GLOBAL_INTERRUPT
                0x00001382        0x8 ./MCAL/EXT_INTERRUPT/EXT_INTERRUPT.o
                0x00001382                GLOBAL_INTERRUPT
 .text.EXTERNAL_INT0
                0x0000138a       0x14 ./MCAL/EXT_INTERRUPT/EXT_INTERRUPT.o
                0x0000138a                EXTERNAL_INT0
 .text.EXTERNAL_INT1
                0x0000139e       0x14 ./MCAL/EXT_INTERRUPT/EXT_INTERRUPT.o
                0x0000139e                EXTERNAL_INT1
 .text.EXTERNAL_INT2
                0x000013b2        0xe ./MCAL/EXT_INTERRUPT/EXT_INTERRUPT.o
                0x000013b2                EXTERNAL_INT2
 .text.DIO_SET_PORT_DIR
                0x000013c0       0x22 ./MCAL/DIO/DIO.o
                0x000013c0                DIO_SET_PORT_DIR
 .text.DIO_SET_PIN_DIR
                0x000013e2       0xe8 ./MCAL/DIO/DIO.o
                0x000013e2                DIO_SET_PIN_DIR
 .text.DIO_SET_PORT_VALUE
                0x000014ca       0x22 ./MCAL/DIO/DIO.o
                0x000014ca                DIO_SET_PORT_VALUE
 .text.DIO_SET_PIN_VALUE
                0x000014ec       0xe8 ./MCAL/DIO/DIO.o
                0x000014ec                DIO_SET_PIN_VALUE
 .text.DIO_READ_PORT
                0x000015d4       0x24 ./MCAL/DIO/DIO.o
                0x000015d4                DIO_READ_PORT
 .text.DIO_READ_PIN
                0x000015f8       0x40 ./MCAL/DIO/DIO.o
                0x000015f8                DIO_READ_PIN
 .text.DIO_TOGGLE_PIN
                0x00001638       0x6a ./MCAL/DIO/DIO.o
                0x00001638                DIO_TOGGLE_PIN
 .text.DIO_SET_PULLUP
                0x000016a2       0x6a ./MCAL/DIO/DIO.o
                0x000016a2                DIO_SET_PULLUP
 .text.ADC_Init
                0x0000170c       0x1e ./MCAL/ADC/ADC.o
                0x0000170c                ADC_Init
 .text.ADC_READ
                0x0000172a        0xe ./MCAL/ADC/ADC.o
                0x0000172a                ADC_READ
 .text.Led_isOn
                0x00001738       0x10 ./HALL/LEDS/Leds.o
                0x00001738                Led_isOn
 .text.Led_Toggle
                0x00001748        0x6 ./HALL/LEDS/Leds.o
                0x00001748                Led_Toggle
 .text.Led_Off  0x0000174e        0x8 ./HALL/LEDS/Leds.o
                0x0000174e                Led_Off
 .text.Led_On   0x00001756        0x8 ./HALL/LEDS/Leds.o
                0x00001756                Led_On
 .text.Led_Blink
                0x0000175e       0x30 ./HALL/LEDS/Leds.o
                0x0000175e                Led_Blink
 .text.Dimming  0x0000178e        0xa ./HALL/LEDS/Leds.o
                0x0000178e                Dimming
 .text.Led_Init
                0x00001798       0x1e ./HALL/LEDS/Leds.o
                0x00001798                Led_Init
 .text.Dimming_Init
                0x000017b6       0x24 ./HALL/LEDS/Leds.o
                0x000017b6                Dimming_Init
 .text.LCD_WriteChar
                0x000017da       0x9a ./HALL/LCD/LCD.o
                0x000017da                LCD_WriteChar
 .text.LCD_WriteInteger
                0x00001874       0xe4 ./HALL/LCD/LCD.o
                0x00001874                LCD_WriteInteger
 .text.LCD_WriteString
                0x00001958       0x26 ./HALL/LCD/LCD.o
                0x00001958                LCD_WriteString
 .text.LCD_WriteCommand
                0x0000197e       0x9a ./HALL/LCD/LCD.o
                0x0000197e                LCD_WriteCommand
 .text.LCD_GoTo
                0x00001a18       0x2a ./HALL/LCD/LCD.o
                0x00001a18                LCD_GoTo
 .text.LCD_Init
                0x00001a42       0x7e ./HALL/LCD/LCD.o
                0x00001a42                LCD_Init
 .text.KeyPad_GetChar
                0x00001ac0       0xb2 ./HALL/KEYPAD/KEYPAD.o
                0x00001ac0                KeyPad_GetChar
 .text.KeyPad_Init
                0x00001b72       0x9a ./HALL/KEYPAD/KEYPAD.o
                0x00001b72                KeyPad_Init
 .text.E2PROM_WriteMultyByteOn
                0x00001c0c       0x3c ./HALL/EEPROM/EEPROM.o
                0x00001c0c                E2PROM_WriteMultyByteOn
 .text.EEPROM_Write
                0x00001c48       0x28 ./HALL/EEPROM/EEPROM.o
                0x00001c48                EEPROM_Write
 .text.EEPROM_READ
                0x00001c70       0x2e ./HALL/EEPROM/EEPROM.o
                0x00001c70                EEPROM_READ
 .text.E2PROM_ReadMultyByteFrom
                0x00001c9e       0x48 ./HALL/EEPROM/EEPROM.o
                0x00001c9e                E2PROM_ReadMultyByteFrom
 .text.EEPROM_Init
                0x00001ce6        0x6 ./HALL/EEPROM/EEPROM.o
                0x00001ce6                EEPROM_Init
 .text.DOOR_CLOSE
                0x00001cec       0x12 ./HALL/DOOR/DOOR.o
                0x00001cec                DOOR_CLOSE
 .text.DOOR_OPEN
                0x00001cfe       0x12 ./HALL/DOOR/DOOR.o
                0x00001cfe                DOOR_OPEN
 .text.DOOR_Init
                0x00001d10        0xa ./HALL/DOOR/DOOR.o
                0x00001d10                DOOR_Init
 .text.BUZZER_TurnOff
                0x00001d1a        0xc ./HALL/BUZZER/BUZZER.o
                0x00001d1a                BUZZER_TurnOff
 .text.BUZZER_TurnOn
                0x00001d26        0xc ./HALL/BUZZER/BUZZER.o
                0x00001d26                BUZZER_TurnOn
 .text.BUZZER_Init
                0x00001d32        0xc ./HALL/BUZZER/BUZZER.o
                0x00001d32                BUZZER_Init
 .text.BUTTON2_READ
                0x00001d3e        0xa ./HALL/BUTTON/BUTTON.o
                0x00001d3e                BUTTON2_READ
 .text.BUTTON1_READ
                0x00001d48        0xa ./HALL/BUTTON/BUTTON.o
                0x00001d48                BUTTON1_READ
 .text.BUTTON0_READ
                0x00001d52        0xa ./HALL/BUTTON/BUTTON.o
                0x00001d52                BUTTON0_READ
 .text.BUTTON2_Init
                0x00001d5c        0xc ./HALL/BUTTON/BUTTON.o
                0x00001d5c                BUTTON2_Init
 .text.BUTTON1_Init
                0x00001d68        0xc ./HALL/BUTTON/BUTTON.o
                0x00001d68                BUTTON1_Init
 .text.BUTTON0_Init
                0x00001d74        0xc ./HALL/BUTTON/BUTTON.o
                0x00001d74                BUTTON0_Init
 .text.TEMP_READ
                0x00001d80       0x22 ./HALL/AIR_COND/AIR_COND.o
                0x00001d80                TEMP_READ
 .text.AIR_COND_TurnOFF
                0x00001da2        0xc ./HALL/AIR_COND/AIR_COND.o
                0x00001da2                AIR_COND_TurnOFF
 .text.AIR_COND_TurnON
                0x00001dae        0xc ./HALL/AIR_COND/AIR_COND.o
                0x00001dae                AIR_COND_TurnON
 .text.AIR_COND
                0x00001dba       0x28 ./HALL/AIR_COND/AIR_COND.o
                0x00001dba                AIR_COND
 .text.AIR_COND_Init
                0x00001de2       0x10 ./HALL/AIR_COND/AIR_COND.o
                0x00001de2                AIR_COND_Init
 .text.USER_MODE
                0x00001df2      0x278 ./APP/USER_MODE/USER_MODE.o
                0x00001df2                USER_MODE
 .text.ADMIN_MODE
                0x0000206a      0x174 ./APP/ADMIN_MODE/ADMIN_MODE.o
                0x0000206a                ADMIN_MODE
 .text.main     0x000021de       0x3a ./APP/main.o
                0x000021de                main
 .text.__vector_13
                0x00002218       0x48 ./APP/main.o
                0x00002218                __vector_13
 .text.__vector_1
                0x00002260       0x50 ./APP/main.o
                0x00002260                __vector_1
 .text.libgcc   0x000022b0       0x3e c:/winavr/bin/../lib/gcc/avr/4.3.3/avr5\libgcc.a(_mulsi3.o)
                0x000022b0                __mulsi3
 .text.libgcc   0x000022ee       0x44 c:/winavr/bin/../lib/gcc/avr/4.3.3/avr5\libgcc.a(_udivmodsi4.o)
                0x000022ee                __udivmodsi4
 .text.libgcc   0x00002332       0x36 c:/winavr/bin/../lib/gcc/avr/4.3.3/avr5\libgcc.a(_divmodsi4.o)
                0x00002332                __divmodsi4
 .text.libgcc   0x00002368        0x0 c:/winavr/bin/../lib/gcc/avr/4.3.3/avr5\libgcc.a(_exit.o)
 .text.libgcc   0x00002368        0x0 c:/winavr/bin/../lib/gcc/avr/4.3.3/avr5\libgcc.a(_copy_data.o)
 .text.libgcc   0x00002368        0x0 c:/winavr/bin/../lib/gcc/avr/4.3.3/avr5\libgcc.a(_clear_bss.o)
 .text.libgcc   0x00002368       0x38 c:/winavr/bin/../lib/gcc/avr/4.3.3/avr5\libgcc.a(_prologue.o)
                0x00002368                __prologue_saves__
 .text.libgcc   0x000023a0       0x36 c:/winavr/bin/../lib/gcc/avr/4.3.3/avr5\libgcc.a(_epilogue.o)
                0x000023a0                __epilogue_restores__
                0x000023d6                . = ALIGN (0x2)
 *(.fini9)
 .fini9         0x000023d6        0x0 c:/winavr/bin/../lib/gcc/avr/4.3.3/avr5\libgcc.a(_exit.o)
                0x000023d6                exit
                0x000023d6                _exit
 *(.fini9)
 *(.fini8)
 *(.fini8)
 *(.fini7)
 *(.fini7)
 *(.fini6)
 *(.fini6)
 *(.fini5)
 *(.fini5)
 *(.fini4)
 *(.fini4)
 *(.fini3)
 *(.fini3)
 *(.fini2)
 *(.fini2)
 *(.fini1)
 *(.fini1)
 *(.fini0)
 .fini0         0x000023d6        0x4 c:/winavr/bin/../lib/gcc/avr/4.3.3/avr5\libgcc.a(_exit.o)
 *(.fini0)
                0x000023da                _etext = .

.data           0x00800060      0x352 load address 0x000023da
                0x00800060                PROVIDE (__data_start, .)
 *(.data)
 .data          0x00800060        0x0 c:/winavr/bin/../lib/gcc/avr/4.3.3/../../../../avr/lib/avr5/crtm32.o
 .data          0x00800060        0x0 ./MCAL/UART/UART.o
 .data          0x00800060        0x0 ./MCAL/TIMERS/Timers.o
 .data          0x00800060        0x0 ./MCAL/I2C/I2C.o
 .data          0x00800060        0x0 ./MCAL/EXT_INTERRUPT/EXT_INTERRUPT.o
 .data          0x00800060        0x0 ./MCAL/DIO/DIO.o
 .data          0x00800060        0x0 ./MCAL/ADC/ADC.o
 .data          0x00800060        0x0 ./HALL/LEDS/Leds.o
 .data          0x00800060        0x0 ./HALL/LCD/LCD.o
 .data          0x00800060        0x0 ./HALL/KEYPAD/KEYPAD.o
 .data          0x00800060        0x0 ./HALL/EEPROM/EEPROM.o
 .data          0x00800060        0x0 ./HALL/DOOR/DOOR.o
 .data          0x00800060        0x0 ./HALL/BUZZER/BUZZER.o
 .data          0x00800060        0x0 ./HALL/BUTTON/BUTTON.o
 .data          0x00800060        0x0 ./HALL/AIR_COND/AIR_COND.o
 .data          0x00800060       0x74 ./APP/USER_MODE/USER_MODE.o
 .data          0x008000d4      0x188 ./APP/ADMIN_MODE/ADMIN_MODE.o
 .data          0x0080025c       0x3b ./APP/main.o
 .data          0x00800297        0x0 c:/winavr/bin/../lib/gcc/avr/4.3.3/avr5\libgcc.a(_mulsi3.o)
 .data          0x00800297        0x0 c:/winavr/bin/../lib/gcc/avr/4.3.3/avr5\libgcc.a(_udivmodsi4.o)
 .data          0x00800297        0x0 c:/winavr/bin/../lib/gcc/avr/4.3.3/avr5\libgcc.a(_divmodsi4.o)
 .data          0x00800297        0x0 c:/winavr/bin/../lib/gcc/avr/4.3.3/avr5\libgcc.a(_exit.o)
 .data          0x00800297        0x0 c:/winavr/bin/../lib/gcc/avr/4.3.3/avr5\libgcc.a(_copy_data.o)
 .data          0x00800297        0x0 c:/winavr/bin/../lib/gcc/avr/4.3.3/avr5\libgcc.a(_clear_bss.o)
 .data          0x00800297        0x0 c:/winavr/bin/../lib/gcc/avr/4.3.3/avr5\libgcc.a(_fixunssfsi.o)
 .data          0x00800297        0x0 c:/winavr/bin/../lib/gcc/avr/4.3.3/avr5\libgcc.a(_addsub_sf.o)
 .data          0x00800297        0x0 c:/winavr/bin/../lib/gcc/avr/4.3.3/avr5\libgcc.a(_mul_sf.o)
 .data          0x00800297        0x0 c:/winavr/bin/../lib/gcc/avr/4.3.3/avr5\libgcc.a(_div_sf.o)
 .data          0x00800297        0x0 c:/winavr/bin/../lib/gcc/avr/4.3.3/avr5\libgcc.a(_ge_sf.o)
 .data          0x00800297        0x0 c:/winavr/bin/../lib/gcc/avr/4.3.3/avr5\libgcc.a(_si_to_sf.o)
 .data          0x00800297        0x0 c:/winavr/bin/../lib/gcc/avr/4.3.3/avr5\libgcc.a(_sf_to_si.o)
 .data          0x00800297        0x8 c:/winavr/bin/../lib/gcc/avr/4.3.3/avr5\libgcc.a(_thenan_sf.o)
                0x00800297                __thenan_sf
 .data          0x0080029f        0x0 c:/winavr/bin/../lib/gcc/avr/4.3.3/avr5\libgcc.a(_usi_to_sf.o)
 .data          0x0080029f        0x0 c:/winavr/bin/../lib/gcc/avr/4.3.3/avr5\libgcc.a(_prologue.o)
 .data          0x0080029f        0x0 c:/winavr/bin/../lib/gcc/avr/4.3.3/avr5\libgcc.a(_epilogue.o)
 .data          0x0080029f        0x0 c:/winavr/bin/../lib/gcc/avr/4.3.3/avr5\libgcc.a(_clzsi2.o)
 .data          0x0080029f        0x0 c:/winavr/bin/../lib/gcc/avr/4.3.3/avr5\libgcc.a(_pack_sf.o)
 .data          0x0080029f        0x0 c:/winavr/bin/../lib/gcc/avr/4.3.3/avr5\libgcc.a(_unpack_sf.o)
 .data          0x0080029f        0x0 c:/winavr/bin/../lib/gcc/avr/4.3.3/avr5\libgcc.a(_fpcmp_parts_sf.o)
 .data          0x0080029f      0x100 c:/winavr/bin/../lib/gcc/avr/4.3.3/avr5\libgcc.a(_clz.o)
                0x0080029f                __clz_tab
 *(.data*)
 .data.username_add.1402
                0x0080039f        0x1 ./APP/USER_MODE/USER_MODE.o
 .data.username_address.1370
                0x008003a0        0x1 ./APP/ADMIN_MODE/ADMIN_MODE.o
 *(.rodata)
 *(.rodata*)
 .rodata.keypad
                0x008003a1       0x10 ./HALL/KEYPAD/KEYPAD.o
                0x008003a1                keypad
 *(.gnu.linkonce.d*)
                0x008003b2                . = ALIGN (0x2)
 *fill*         0x008003b1        0x1 00
                0x008003b2                _edata = .
                0x008003b2                PROVIDE (__data_end, .)

.bss            0x008003b2       0x17
                0x008003b2                PROVIDE (__bss_start, .)
 *(.bss)
 .bss           0x008003b2        0x0 c:/winavr/bin/../lib/gcc/avr/4.3.3/../../../../avr/lib/avr5/crtm32.o
 .bss           0x008003b2        0x0 ./MCAL/UART/UART.o
 .bss           0x008003b2        0x0 ./MCAL/TIMERS/Timers.o
 .bss           0x008003b2        0x0 ./MCAL/I2C/I2C.o
 .bss           0x008003b2        0x0 ./MCAL/EXT_INTERRUPT/EXT_INTERRUPT.o
 .bss           0x008003b2        0x0 ./MCAL/DIO/DIO.o
 .bss           0x008003b2        0x0 ./MCAL/ADC/ADC.o
 .bss           0x008003b2        0x0 ./HALL/LEDS/Leds.o
 .bss           0x008003b2        0x0 ./HALL/LCD/LCD.o
 .bss           0x008003b2        0x0 ./HALL/KEYPAD/KEYPAD.o
 .bss           0x008003b2        0x0 ./HALL/EEPROM/EEPROM.o
 .bss           0x008003b2        0x0 ./HALL/DOOR/DOOR.o
 .bss           0x008003b2        0x0 ./HALL/BUZZER/BUZZER.o
 .bss           0x008003b2        0x0 ./HALL/BUTTON/BUTTON.o
 .bss           0x008003b2        0x0 ./HALL/AIR_COND/AIR_COND.o
 .bss           0x008003b2        0x0 ./APP/USER_MODE/USER_MODE.o
 .bss           0x008003b2        0x0 ./APP/ADMIN_MODE/ADMIN_MODE.o
 .bss           0x008003b2        0x0 ./APP/main.o
 .bss           0x008003b2        0x0 c:/winavr/bin/../lib/gcc/avr/4.3.3/avr5\libgcc.a(_mulsi3.o)
 .bss           0x008003b2        0x0 c:/winavr/bin/../lib/gcc/avr/4.3.3/avr5\libgcc.a(_udivmodsi4.o)
 .bss           0x008003b2        0x0 c:/winavr/bin/../lib/gcc/avr/4.3.3/avr5\libgcc.a(_divmodsi4.o)
 .bss           0x008003b2        0x0 c:/winavr/bin/../lib/gcc/avr/4.3.3/avr5\libgcc.a(_exit.o)
 .bss           0x008003b2        0x0 c:/winavr/bin/../lib/gcc/avr/4.3.3/avr5\libgcc.a(_copy_data.o)
 .bss           0x008003b2        0x0 c:/winavr/bin/../lib/gcc/avr/4.3.3/avr5\libgcc.a(_clear_bss.o)
 .bss           0x008003b2        0x0 c:/winavr/bin/../lib/gcc/avr/4.3.3/avr5\libgcc.a(_fixunssfsi.o)
 .bss           0x008003b2        0x0 c:/winavr/bin/../lib/gcc/avr/4.3.3/avr5\libgcc.a(_addsub_sf.o)
 .bss           0x008003b2        0x0 c:/winavr/bin/../lib/gcc/avr/4.3.3/avr5\libgcc.a(_mul_sf.o)
 .bss           0x008003b2        0x0 c:/winavr/bin/../lib/gcc/avr/4.3.3/avr5\libgcc.a(_div_sf.o)
 .bss           0x008003b2        0x0 c:/winavr/bin/../lib/gcc/avr/4.3.3/avr5\libgcc.a(_ge_sf.o)
 .bss           0x008003b2        0x0 c:/winavr/bin/../lib/gcc/avr/4.3.3/avr5\libgcc.a(_si_to_sf.o)
 .bss           0x008003b2        0x0 c:/winavr/bin/../lib/gcc/avr/4.3.3/avr5\libgcc.a(_sf_to_si.o)
 .bss           0x008003b2        0x0 c:/winavr/bin/../lib/gcc/avr/4.3.3/avr5\libgcc.a(_thenan_sf.o)
 .bss           0x008003b2        0x0 c:/winavr/bin/../lib/gcc/avr/4.3.3/avr5\libgcc.a(_usi_to_sf.o)
 .bss           0x008003b2        0x0 c:/winavr/bin/../lib/gcc/avr/4.3.3/avr5\libgcc.a(_prologue.o)
 .bss           0x008003b2        0x0 c:/winavr/bin/../lib/gcc/avr/4.3.3/avr5\libgcc.a(_epilogue.o)
 .bss           0x008003b2        0x0 c:/winavr/bin/../lib/gcc/avr/4.3.3/avr5\libgcc.a(_clzsi2.o)
 .bss           0x008003b2        0x0 c:/winavr/bin/../lib/gcc/avr/4.3.3/avr5\libgcc.a(_pack_sf.o)
 .bss           0x008003b2        0x0 c:/winavr/bin/../lib/gcc/avr/4.3.3/avr5\libgcc.a(_unpack_sf.o)
 .bss           0x008003b2        0x0 c:/winavr/bin/../lib/gcc/avr/4.3.3/avr5\libgcc.a(_fpcmp_parts_sf.o)
 .bss           0x008003b2        0x0 c:/winavr/bin/../lib/gcc/avr/4.3.3/avr5\libgcc.a(_clz.o)
 *(.bss*)
 .bss.brightness
                0x008003b2        0x1 ./HALL/LEDS/Leds.o
                0x008003b2                brightness
 .bss.ball.1406
                0x008003b3        0x1 ./APP/USER_MODE/USER_MODE.o
 .bss.goal.1405
                0x008003b4        0x1 ./APP/USER_MODE/USER_MODE.o
 .bss.password_add.1404
                0x008003b5        0x1 ./APP/USER_MODE/USER_MODE.o
 .bss.password.1403
                0x008003b6        0x1 ./APP/USER_MODE/USER_MODE.o
 .bss.username.1401
                0x008003b7        0x1 ./APP/USER_MODE/USER_MODE.o
 .bss.Password_address.1371
                0x008003b8        0x1 ./APP/ADMIN_MODE/ADMIN_MODE.o
 .bss.flag.1369
                0x008003b9        0x1 ./APP/ADMIN_MODE/ADMIN_MODE.o
 .bss.COUNTER.1368
                0x008003ba        0x1 ./APP/ADMIN_MODE/ADMIN_MODE.o
 .bss.count.1367
                0x008003bb        0x1 ./APP/ADMIN_MODE/ADMIN_MODE.o
 *(COMMON)
 COMMON         0x008003bc        0x4 ./MCAL/TIMERS/Timers.o
                0x008003bc                counter1
                0x008003be                preset1
 COMMON         0x008003c0        0x7 ./HALL/EEPROM/EEPROM.o
                0x008003c0                buffer
 COMMON         0x008003c7        0x2 ./APP/ADMIN_MODE/ADMIN_MODE.o
                0x008003c7                f
                0x008003c8                C
                0x008003c9                PROVIDE (__bss_end, .)
                0x000023da                __data_load_start = LOADADDR (.data)
                0x0000272c                __data_load_end = (__data_load_start + SIZEOF (.data))

.noinit         0x008003c9        0x0
                0x008003c9                PROVIDE (__noinit_start, .)
 *(.noinit*)
                0x008003c9                PROVIDE (__noinit_end, .)
                0x008003c9                _end = .
                0x008003c9                PROVIDE (__heap_start, .)

.eeprom         0x00810000        0x0
 *(.eeprom*)
                0x00810000                __eeprom_end = .

.fuse
 *(.fuse)
 *(.lfuse)
 *(.hfuse)
 *(.efuse)

.lock
 *(.lock*)

.signature
 *(.signature*)

.stab
 *(.stab)

.stabstr
 *(.stabstr)

.stab.excl
 *(.stab.excl)

.stab.exclstr
 *(.stab.exclstr)

.stab.index
 *(.stab.index)

.stab.indexstr
 *(.stab.indexstr)

.comment
 *(.comment)

.debug
 *(.debug)

.line
 *(.line)

.debug_srcinfo
 *(.debug_srcinfo)

.debug_sfnames
 *(.debug_sfnames)

.debug_aranges  0x00000000      0x180
 *(.debug_aranges)
 .debug_aranges
                0x00000000       0x20 c:/winavr/bin/../lib/gcc/avr/4.3.3/avr5\libgcc.a(_fixunssfsi.o)
 .debug_aranges
                0x00000020       0x20 c:/winavr/bin/../lib/gcc/avr/4.3.3/avr5\libgcc.a(_addsub_sf.o)
 .debug_aranges
                0x00000040       0x20 c:/winavr/bin/../lib/gcc/avr/4.3.3/avr5\libgcc.a(_mul_sf.o)
 .debug_aranges
                0x00000060       0x20 c:/winavr/bin/../lib/gcc/avr/4.3.3/avr5\libgcc.a(_div_sf.o)
 .debug_aranges
                0x00000080       0x20 c:/winavr/bin/../lib/gcc/avr/4.3.3/avr5\libgcc.a(_ge_sf.o)
 .debug_aranges
                0x000000a0       0x20 c:/winavr/bin/../lib/gcc/avr/4.3.3/avr5\libgcc.a(_si_to_sf.o)
 .debug_aranges
                0x000000c0       0x20 c:/winavr/bin/../lib/gcc/avr/4.3.3/avr5\libgcc.a(_sf_to_si.o)
 .debug_aranges
                0x000000e0       0x20 c:/winavr/bin/../lib/gcc/avr/4.3.3/avr5\libgcc.a(_usi_to_sf.o)
 .debug_aranges
                0x00000100       0x20 c:/winavr/bin/../lib/gcc/avr/4.3.3/avr5\libgcc.a(_clzsi2.o)
 .debug_aranges
                0x00000120       0x20 c:/winavr/bin/../lib/gcc/avr/4.3.3/avr5\libgcc.a(_pack_sf.o)
 .debug_aranges
                0x00000140       0x20 c:/winavr/bin/../lib/gcc/avr/4.3.3/avr5\libgcc.a(_unpack_sf.o)
 .debug_aranges
                0x00000160       0x20 c:/winavr/bin/../lib/gcc/avr/4.3.3/avr5\libgcc.a(_fpcmp_parts_sf.o)

.debug_pubnames
                0x00000000      0x1d8
 *(.debug_pubnames)
 .debug_pubnames
                0x00000000       0x23 c:/winavr/bin/../lib/gcc/avr/4.3.3/avr5\libgcc.a(_fixunssfsi.o)
 .debug_pubnames
                0x00000023       0x2c c:/winavr/bin/../lib/gcc/avr/4.3.3/avr5\libgcc.a(_addsub_sf.o)
 .debug_pubnames
                0x0000004f       0x1f c:/winavr/bin/../lib/gcc/avr/4.3.3/avr5\libgcc.a(_mul_sf.o)
 .debug_pubnames
                0x0000006e       0x1f c:/winavr/bin/../lib/gcc/avr/4.3.3/avr5\libgcc.a(_div_sf.o)
 .debug_pubnames
                0x0000008d       0x1e c:/winavr/bin/../lib/gcc/avr/4.3.3/avr5\libgcc.a(_ge_sf.o)
 .debug_pubnames
                0x000000ab       0x22 c:/winavr/bin/../lib/gcc/avr/4.3.3/avr5\libgcc.a(_si_to_sf.o)
 .debug_pubnames
                0x000000cd       0x20 c:/winavr/bin/../lib/gcc/avr/4.3.3/avr5\libgcc.a(_sf_to_si.o)
 .debug_pubnames
                0x000000ed       0x22 c:/winavr/bin/../lib/gcc/avr/4.3.3/avr5\libgcc.a(_thenan_sf.o)
 .debug_pubnames
                0x0000010f       0x24 c:/winavr/bin/../lib/gcc/avr/4.3.3/avr5\libgcc.a(_usi_to_sf.o)
 .debug_pubnames
                0x00000133       0x1f c:/winavr/bin/../lib/gcc/avr/4.3.3/avr5\libgcc.a(_clzsi2.o)
 .debug_pubnames
                0x00000152       0x1f c:/winavr/bin/../lib/gcc/avr/4.3.3/avr5\libgcc.a(_pack_sf.o)
 .debug_pubnames
                0x00000171       0x21 c:/winavr/bin/../lib/gcc/avr/4.3.3/avr5\libgcc.a(_unpack_sf.o)
 .debug_pubnames
                0x00000192       0x26 c:/winavr/bin/../lib/gcc/avr/4.3.3/avr5\libgcc.a(_fpcmp_parts_sf.o)
 .debug_pubnames
                0x000001b8       0x20 c:/winavr/bin/../lib/gcc/avr/4.3.3/avr5\libgcc.a(_clz.o)

.debug_info     0x00000000     0x2114
 *(.debug_info)
 .debug_info    0x00000000       0xb1 c:/winavr/bin/../lib/gcc/avr/4.3.3/avr5\libgcc.a(_fixunssfsi.o)
 .debug_info    0x000000b1      0x47a c:/winavr/bin/../lib/gcc/avr/4.3.3/avr5\libgcc.a(_addsub_sf.o)
 .debug_info    0x0000052b      0x485 c:/winavr/bin/../lib/gcc/avr/4.3.3/avr5\libgcc.a(_mul_sf.o)
 .debug_info    0x000009b0      0x3fc c:/winavr/bin/../lib/gcc/avr/4.3.3/avr5\libgcc.a(_div_sf.o)
 .debug_info    0x00000dac      0x27f c:/winavr/bin/../lib/gcc/avr/4.3.3/avr5\libgcc.a(_ge_sf.o)
 .debug_info    0x0000102b      0x207 c:/winavr/bin/../lib/gcc/avr/4.3.3/avr5\libgcc.a(_si_to_sf.o)
 .debug_info    0x00001232      0x2b0 c:/winavr/bin/../lib/gcc/avr/4.3.3/avr5\libgcc.a(_sf_to_si.o)
 .debug_info    0x000014e2      0x12c c:/winavr/bin/../lib/gcc/avr/4.3.3/avr5\libgcc.a(_thenan_sf.o)
 .debug_info    0x0000160e      0x206 c:/winavr/bin/../lib/gcc/avr/4.3.3/avr5\libgcc.a(_usi_to_sf.o)
 .debug_info    0x00001814      0x117 c:/winavr/bin/../lib/gcc/avr/4.3.3/avr5\libgcc.a(_clzsi2.o)
 .debug_info    0x0000192b      0x2df c:/winavr/bin/../lib/gcc/avr/4.3.3/avr5\libgcc.a(_pack_sf.o)
 .debug_info    0x00001c0a      0x251 c:/winavr/bin/../lib/gcc/avr/4.3.3/avr5\libgcc.a(_unpack_sf.o)
 .debug_info    0x00001e5b      0x210 c:/winavr/bin/../lib/gcc/avr/4.3.3/avr5\libgcc.a(_fpcmp_parts_sf.o)
 .debug_info    0x0000206b       0xa9 c:/winavr/bin/../lib/gcc/avr/4.3.3/avr5\libgcc.a(_clz.o)
 *(.gnu.linkonce.wi.*)

.debug_abbrev   0x00000000     0x121a
 *(.debug_abbrev)
 .debug_abbrev  0x00000000       0x5d c:/winavr/bin/../lib/gcc/avr/4.3.3/avr5\libgcc.a(_fixunssfsi.o)
 .debug_abbrev  0x0000005d      0x1ea c:/winavr/bin/../lib/gcc/avr/4.3.3/avr5\libgcc.a(_addsub_sf.o)
 .debug_abbrev  0x00000247      0x21b c:/winavr/bin/../lib/gcc/avr/4.3.3/avr5\libgcc.a(_mul_sf.o)
 .debug_abbrev  0x00000462      0x216 c:/winavr/bin/../lib/gcc/avr/4.3.3/avr5\libgcc.a(_div_sf.o)
 .debug_abbrev  0x00000678      0x15a c:/winavr/bin/../lib/gcc/avr/4.3.3/avr5\libgcc.a(_ge_sf.o)
 .debug_abbrev  0x000007d2      0x148 c:/winavr/bin/../lib/gcc/avr/4.3.3/avr5\libgcc.a(_si_to_sf.o)
 .debug_abbrev  0x0000091a      0x17f c:/winavr/bin/../lib/gcc/avr/4.3.3/avr5\libgcc.a(_sf_to_si.o)
 .debug_abbrev  0x00000a99       0xad c:/winavr/bin/../lib/gcc/avr/4.3.3/avr5\libgcc.a(_thenan_sf.o)
 .debug_abbrev  0x00000b46      0x157 c:/winavr/bin/../lib/gcc/avr/4.3.3/avr5\libgcc.a(_usi_to_sf.o)
 .debug_abbrev  0x00000c9d       0xc4 c:/winavr/bin/../lib/gcc/avr/4.3.3/avr5\libgcc.a(_clzsi2.o)
 .debug_abbrev  0x00000d61      0x1c0 c:/winavr/bin/../lib/gcc/avr/4.3.3/avr5\libgcc.a(_pack_sf.o)
 .debug_abbrev  0x00000f21      0x154 c:/winavr/bin/../lib/gcc/avr/4.3.3/avr5\libgcc.a(_unpack_sf.o)
 .debug_abbrev  0x00001075      0x13b c:/winavr/bin/../lib/gcc/avr/4.3.3/avr5\libgcc.a(_fpcmp_parts_sf.o)
 .debug_abbrev  0x000011b0       0x6a c:/winavr/bin/../lib/gcc/avr/4.3.3/avr5\libgcc.a(_clz.o)

.debug_line     0x00000000     0x1165
 *(.debug_line)
 .debug_line    0x00000000       0xa7 c:/winavr/bin/../lib/gcc/avr/4.3.3/avr5\libgcc.a(_fixunssfsi.o)
 .debug_line    0x000000a7      0x2af c:/winavr/bin/../lib/gcc/avr/4.3.3/avr5\libgcc.a(_addsub_sf.o)
 .debug_line    0x00000356      0x239 c:/winavr/bin/../lib/gcc/avr/4.3.3/avr5\libgcc.a(_mul_sf.o)
 .debug_line    0x0000058f      0x1d5 c:/winavr/bin/../lib/gcc/avr/4.3.3/avr5\libgcc.a(_div_sf.o)
 .debug_line    0x00000764       0xd3 c:/winavr/bin/../lib/gcc/avr/4.3.3/avr5\libgcc.a(_ge_sf.o)
 .debug_line    0x00000837      0x135 c:/winavr/bin/../lib/gcc/avr/4.3.3/avr5\libgcc.a(_si_to_sf.o)
 .debug_line    0x0000096c      0x109 c:/winavr/bin/../lib/gcc/avr/4.3.3/avr5\libgcc.a(_sf_to_si.o)
 .debug_line    0x00000a75       0x90 c:/winavr/bin/../lib/gcc/avr/4.3.3/avr5\libgcc.a(_thenan_sf.o)
 .debug_line    0x00000b05      0x133 c:/winavr/bin/../lib/gcc/avr/4.3.3/avr5\libgcc.a(_usi_to_sf.o)
 .debug_line    0x00000c38       0xa5 c:/winavr/bin/../lib/gcc/avr/4.3.3/avr5\libgcc.a(_clzsi2.o)
 .debug_line    0x00000cdd      0x18a c:/winavr/bin/../lib/gcc/avr/4.3.3/avr5\libgcc.a(_pack_sf.o)
 .debug_line    0x00000e67      0x14b c:/winavr/bin/../lib/gcc/avr/4.3.3/avr5\libgcc.a(_unpack_sf.o)
 .debug_line    0x00000fb2      0x137 c:/winavr/bin/../lib/gcc/avr/4.3.3/avr5\libgcc.a(_fpcmp_parts_sf.o)
 .debug_line    0x000010e9       0x7c c:/winavr/bin/../lib/gcc/avr/4.3.3/avr5\libgcc.a(_clz.o)

.debug_frame    0x00000000      0x1a0
 *(.debug_frame)
 .debug_frame   0x00000000       0x20 c:/winavr/bin/../lib/gcc/avr/4.3.3/avr5\libgcc.a(_fixunssfsi.o)
 .debug_frame   0x00000020       0x40 c:/winavr/bin/../lib/gcc/avr/4.3.3/avr5\libgcc.a(_addsub_sf.o)
 .debug_frame   0x00000060       0x20 c:/winavr/bin/../lib/gcc/avr/4.3.3/avr5\libgcc.a(_mul_sf.o)
 .debug_frame   0x00000080       0x20 c:/winavr/bin/../lib/gcc/avr/4.3.3/avr5\libgcc.a(_div_sf.o)
 .debug_frame   0x000000a0       0x20 c:/winavr/bin/../lib/gcc/avr/4.3.3/avr5\libgcc.a(_ge_sf.o)
 .debug_frame   0x000000c0       0x20 c:/winavr/bin/../lib/gcc/avr/4.3.3/avr5\libgcc.a(_si_to_sf.o)
 .debug_frame   0x000000e0       0x20 c:/winavr/bin/../lib/gcc/avr/4.3.3/avr5\libgcc.a(_sf_to_si.o)
 .debug_frame   0x00000100       0x20 c:/winavr/bin/../lib/gcc/avr/4.3.3/avr5\libgcc.a(_usi_to_sf.o)
 .debug_frame   0x00000120       0x20 c:/winavr/bin/../lib/gcc/avr/4.3.3/avr5\libgcc.a(_clzsi2.o)
 .debug_frame   0x00000140       0x20 c:/winavr/bin/../lib/gcc/avr/4.3.3/avr5\libgcc.a(_pack_sf.o)
 .debug_frame   0x00000160       0x20 c:/winavr/bin/../lib/gcc/avr/4.3.3/avr5\libgcc.a(_unpack_sf.o)
 .debug_frame   0x00000180       0x20 c:/winavr/bin/../lib/gcc/avr/4.3.3/avr5\libgcc.a(_fpcmp_parts_sf.o)

.debug_str      0x00000000      0x2f7
 *(.debug_str)
 .debug_str     0x00000000       0xbf c:/winavr/bin/../lib/gcc/avr/4.3.3/avr5\libgcc.a(_fixunssfsi.o)
                                 0xfe (size before relaxing)
 .debug_str     0x000000bf      0x14d c:/winavr/bin/../lib/gcc/avr/4.3.3/avr5\libgcc.a(_addsub_sf.o)
                                0x206 (size before relaxing)
 .debug_str     0x0000020c       0x27 c:/winavr/bin/../lib/gcc/avr/4.3.3/avr5\libgcc.a(_mul_sf.o)
                                0x1bf (size before relaxing)
 .debug_str     0x00000233       0x35 c:/winavr/bin/../lib/gcc/avr/4.3.3/avr5\libgcc.a(_div_sf.o)
                                0x1c8 (size before relaxing)
 .debug_str     0x00000268        0x8 c:/winavr/bin/../lib/gcc/avr/4.3.3/avr5\libgcc.a(_ge_sf.o)
                                0x195 (size before relaxing)
 .debug_str     0x00000270       0x1e c:/winavr/bin/../lib/gcc/avr/4.3.3/avr5\libgcc.a(_si_to_sf.o)
                                0x17b (size before relaxing)
 .debug_str     0x0000028e        0xa c:/winavr/bin/../lib/gcc/avr/4.3.3/avr5\libgcc.a(_sf_to_si.o)
                                0x19e (size before relaxing)
 .debug_str     0x00000000      0x103 c:/winavr/bin/../lib/gcc/avr/4.3.3/avr5\libgcc.a(_thenan_sf.o)
 .debug_str     0x00000298       0x14 c:/winavr/bin/../lib/gcc/avr/4.3.3/avr5\libgcc.a(_usi_to_sf.o)
                                0x177 (size before relaxing)
 .debug_str     0x000002ac       0x20 c:/winavr/bin/../lib/gcc/avr/4.3.3/avr5\libgcc.a(_clzsi2.o)
                                0x111 (size before relaxing)
 .debug_str     0x000002cc       0x10 c:/winavr/bin/../lib/gcc/avr/4.3.3/avr5\libgcc.a(_pack_sf.o)
                                0x19d (size before relaxing)
 .debug_str     0x000002dc        0xb c:/winavr/bin/../lib/gcc/avr/4.3.3/avr5\libgcc.a(_unpack_sf.o)
                                0x17f (size before relaxing)
 .debug_str     0x000002e7       0x10 c:/winavr/bin/../lib/gcc/avr/4.3.3/avr5\libgcc.a(_fpcmp_parts_sf.o)
                                0x163 (size before relaxing)
 .debug_str     0x00000000       0xf4 c:/winavr/bin/../lib/gcc/avr/4.3.3/avr5\libgcc.a(_clz.o)

.debug_loc      0x00000000      0x9a2
 *(.debug_loc)
 .debug_loc     0x00000000       0x34 c:/winavr/bin/../lib/gcc/avr/4.3.3/avr5\libgcc.a(_fixunssfsi.o)
 .debug_loc     0x00000034      0x32a c:/winavr/bin/../lib/gcc/avr/4.3.3/avr5\libgcc.a(_addsub_sf.o)
 .debug_loc     0x0000035e      0x104 c:/winavr/bin/../lib/gcc/avr/4.3.3/avr5\libgcc.a(_mul_sf.o)
 .debug_loc     0x00000462       0xc0 c:/winavr/bin/../lib/gcc/avr/4.3.3/avr5\libgcc.a(_div_sf.o)
 .debug_loc     0x00000522       0x3c c:/winavr/bin/../lib/gcc/avr/4.3.3/avr5\libgcc.a(_ge_sf.o)
 .debug_loc     0x0000055e       0xac c:/winavr/bin/../lib/gcc/avr/4.3.3/avr5\libgcc.a(_si_to_sf.o)
 .debug_loc     0x0000060a       0x7e c:/winavr/bin/../lib/gcc/avr/4.3.3/avr5\libgcc.a(_sf_to_si.o)
 .debug_loc     0x00000688       0x4c c:/winavr/bin/../lib/gcc/avr/4.3.3/avr5\libgcc.a(_usi_to_sf.o)
 .debug_loc     0x000006d4       0x94 c:/winavr/bin/../lib/gcc/avr/4.3.3/avr5\libgcc.a(_clzsi2.o)
 .debug_loc     0x00000768      0x13e c:/winavr/bin/../lib/gcc/avr/4.3.3/avr5\libgcc.a(_pack_sf.o)
 .debug_loc     0x000008a6       0xac c:/winavr/bin/../lib/gcc/avr/4.3.3/avr5\libgcc.a(_unpack_sf.o)
 .debug_loc     0x00000952       0x50 c:/winavr/bin/../lib/gcc/avr/4.3.3/avr5\libgcc.a(_fpcmp_parts_sf.o)

.debug_macinfo
 *(.debug_macinfo)
OUTPUT(SMART_HOME.elf elf32-avr)
LOAD linker stubs

.debug_ranges   0x00000000       0x50
 .debug_ranges  0x00000000       0x50 c:/winavr/bin/../lib/gcc/avr/4.3.3/avr5\libgcc.a(_mul_sf.o)
